=== RUN   TestClassifierAndAutoResolve_Whitespace
--- PASS: TestClassifierAndAutoResolve_Whitespace (0.00s)
=== RUN   TestClassifierAndAutoResolve_Imports
--- PASS: TestClassifierAndAutoResolve_Imports (0.00s)
=== RUN   TestClassifier_LogicConflict
--- PASS: TestClassifier_LogicConflict (0.00s)
=== RUN   TestStructuredConflict_PackageJSON
--- PASS: TestStructuredConflict_PackageJSON (0.00s)
=== RUN   TestStructuredConflict_ArrayAmbiguity
--- PASS: TestStructuredConflict_ArrayAmbiguity (0.00s)
=== RUN   TestSignatureChange_Go
--- PASS: TestSignatureChange_Go (0.00s)
=== RUN   TestNoAutoStructuredFlag
--- PASS: TestNoAutoStructuredFlag (0.00s)
=== RUN   TestValuesEqual
--- PASS: TestValuesEqual (0.00s)
=== RUN   TestTSXConflict
--- PASS: TestTSXConflict (0.00s)
=== RUN   TestNestedYAMLMerge
--- PASS: TestNestedYAMLMerge (0.00s)
=== RUN   TestGoModConflict
    hard_conflicts_test.go:218: go.mod should be High severity and not auto-resolved
--- FAIL: TestGoModConflict (0.00s)
=== RUN   TestAliasedImports
--- PASS: TestAliasedImports (0.00s)
=== RUN   TestDeleteModifySensitive
--- PASS: TestDeleteModifySensitive (0.00s)
=== RUN   TestTOMLNestedMerge
--- PASS: TestTOMLNestedMerge (0.00s)
=== RUN   TestIndentationWhitespace
--- PASS: TestIndentationWhitespace (0.00s)
=== RUN   TestLogicConflict_Renames
--- PASS: TestLogicConflict_Renames (0.00s)
=== RUN   TestConflictedStructuredMerge
--- PASS: TestConflictedStructuredMerge (0.00s)
=== RUN   TestGoInterfaceChange
--- PASS: TestGoInterfaceChange (0.00s)
FAIL
FAIL	github.com/jhanvi857/gitresolve/internal/conflict	1.100s
FAIL
